WINDOWS

source <carpeta entorno virtual>/Scripts/activate
.<carpeta entorno virtual>/Scripts/activate

guerr@Data-Design MINGW64 ~/VSC/Proyectos-71885/Django
$ py -m venv venv

guerr@Data-Design MINGW64 ~/VSC/Proyectos-71885/Django
$ . venv/Scripts/activate
(venv)
guerr@Data-Design MINGW64 ~/VSC/Proyectos-71885/Django
$ py -m pip install Django
Collecting Django
  Using cached Django-5.1.3-py3-none-any.whl.metadata (4.2 kB)
Collecting asgiref<4,>=3.8.1 (from Django)
  Using cached asgiref-3.8.1-py3-none-any.whl.metadata (9.3 kB)
Collecting sqlparse>=0.3.1 (from Django)
  Using cached sqlparse-0.5.2-py3-none-any.whl.metadata (3.9 kB)
Collecting tzdata (from Django)
  Using cached tzdata-2024.2-py2.py3-none-any.whl.metadata (1.4 kB)
Using cached Django-5.1.3-py3-none-any.whl (8.3 MB)
Using cached asgiref-3.8.1-py3-none-any.whl (23 kB)
Using cached sqlparse-0.5.2-py3-none-any.whl (44 kB)
Using cached tzdata-2024.2-py2.py3-none-any.whl (346 kB)
Installing collected packages: tzdata, sqlparse, asgiref, Django
Successfully installed Django-5.1.3 asgiref-3.8.1 sqlparse-0.5.2 tzdata-2024.2

[notice] A new release of pip is available: 24.0 -> 24.3.1
[notice] To update, run: python.exe -m pip install --upgrade pip
(venv) 

guerr@Data-Design MINGW64 ~/VSC/Proyectos-71885/Django
$ python.exe -m pip install --upgrade pip
Requirement already satisfied: pip in c:\users\guerr\vsc\proyectos-71885\django\venv\lib\site-packages (24.0)
Collecting pip
  Using cached pip-24.3.1-py3-none-any.whl.metadata (3.7 kB)
Using cached pip-24.3.1-py3-none-any.whl (1.8 MB)
Installing collected packages: pip
  Attempting uninstall: pip
    Found existing installation: pip 24.0
    Uninstalling pip-24.0:
      Successfully uninstalled pip-24.0
Successfully installed pip-24.3.1
(venv) 

guerr@Data-Design MINGW64 ~/VSC/Proyectos-71885/Django
$ py pip freeze
C:\Users\guerr\AppData\Local\Programs\Python\Python312\python.exe: can't open file 'C:\\Users\\guerr\\VSC\\Proyectos-71885\\Django\\pip': [Errno 2] No such file or directory
(venv) 

guerr@Data-Design MINGW64 ~/VSC/Proyectos-71885/Django
$ py -m pip freeze
asgiref==3.8.1
Django==5.1.3
sqlparse==0.5.2
tzdata==2024.2
(venv) 

guerr@Data-Design MINGW64 ~/VSC/Proyectos-71885/Django
$